// Bun Snapshot v1, https://bun.sh/docs/test/snapshots

exports[`credential reference snapshot covers all five topics without a real secret 1`] = `
"// REFERENSI MQTT — contoh JSON + pseudocode, bukan sketch siap kompilasi.
// DEVICE: Growth Chamber (growth-chamber-firmware-v1)
const char* mqtt_server = "localhost";
const int mqtt_port = 1883;
const int mqtt_secure_port = 8883;
const char* mqtt_user = "growth-chamber-firmware-v1-v2";
const char* mqtt_pass = "KLIK_TAMPILKAN_SECRET_DULU";
const char* mqtt_client_id = "growth-chamber-firmware-v1";
// Produksi: TLS dengan verifikasi CA; jangan cetak secret ke log.

PARAMETER DASHBOARD (ID immutable; label bukan key payload)
parameter_22313672376ff8dc15d3390138ea5469 | tempSensor | nilai | unit °C, precision 1
parameter_874f5641c309529bf832e9c9e34bac85 | rhSensor | nilai | unit %, precision 1
parameter_faa2e3d2ce693a47fccb9b552816b805 | setpointTemp | control-setpoint | unit °C, precision 1 | min 0, max 50
parameter_0d2b141f932ed0895fbda4c4d49eb54e | setpointRH | control-setpoint | unit %, precision 1 | min 0, max 100
parameter_973c3627b847aa1e9a57ff38b13858ed | systemRunning | control-state | boolean
// Firmware umum: petakan variabel/pin lokal ke ID di atas secara eksplisit.
// Jangan menebak pemetaan dari label atau urutan; jangan kirim sourceKey sebagai ID.
// Khusus Growth Chamber: GET /api/firmware/growth-chamber-firmware-v1/config
// dengan Authorization: Bearer <device-secret> hanya tersedia untuk profil khusus.
// Validasi schemaVersion=1, profile=growth-chamber-v1, deviceId, credentialVersion,
// kelima sourceKey/type/ID unik dan bounds; simpan mapping sourceKey -> id:
// tempSensor, rhSensor -> nilai; setpointTemp, setpointRH -> control-setpoint;
// systemRunning -> control-state. ID dari config tetap immutable, bukan nama variabel.
// revision config adalah hash metadata, BUKAN revision state (counter integer).
// Refresh config tiap 60 detik; gagal validasi/versi kredensial berubah: putus dan reconnect.
// Metadata config tidak boleh menimpa setpoint aktual, pin, atau control loop lokal.

TOPIK (semua QoS 1; arah dari sudut perangkat)
PUBLISH   devices/growth-chamber-firmware-v1/telemetry       retain=false
PUBLISH   devices/growth-chamber-firmware-v1/state           retain=true
PUBLISH   devices/growth-chamber-firmware-v1/availability    retain=true (termasuk LWT)
SUBSCRIBE devices/growth-chamber-firmware-v1/commands        QoS=1; pengirim retain=false
PUBLISH   devices/growth-chamber-firmware-v1/command-results retain=false

// Angka/UUID di contoh berikut hanya ilustrasi, bukan nilai sensor aktual.
// Runtime: timestamp=epoch MILIDETIK tersinkron; UUID baru, jangan salin konstanta contoh.

1. TELEMETRY — hanya sensor nilai, seluruh sensor perangkat ini
{
  "timestamp": 1737021600000,
  "writeId": "00000000-0000-4000-8000-000000000003",
  "credentialVersion": 2,
  "values": {
    "parameter_22313672376ff8dc15d3390138ea5469": {
      "status": "ok",
      "value": 0
    },
    "parameter_874f5641c309529bf832e9c9e34bac85": {
      "status": "ok",
      "value": 0
    }
  }
}
// values[id] = {status:"ok", value:readSensor(id)} untuk angka finite;
// jika pembacaan gagal: {status:"error", error:"Sensor reading unavailable"} tanpa value.
// writeId=UUID baru per sampel; gunakan writeId yang sama saat retry sampel itu.
// Tidak ada control-state/control-setpoint di telemetry; tidak ada array data legacy.

2. STATE — SEMUA control-state dan control-setpoint, nilai aktual lokal
{
  "credentialVersion": 2,
  "timestamp": 1737021600000,
  "connectionId": "00000000-0000-4000-8000-000000000001",
  "revision": 0,
  "parameters": [
    {
      "id": "parameter_faa2e3d2ce693a47fccb9b552816b805",
      "value": 0
    },
    {
      "id": "parameter_0d2b141f932ed0895fbda4c4d49eb54e",
      "value": 0
    },
    {
      "id": "parameter_973c3627b847aa1e9a57ff38b13858ed",
      "value": false
    }
  ]
}
// parameters = semua kontrol dengan readActualLocalValue(id), bukan desired value dari UI.
// Boolean untuk control-state; angka finite dalam min/max dashboard untuk control-setpoint.
// Sensor nilai tidak masuk state. Tanpa kontrol: parameters=[].
// revision mulai 0 tiap koneksi; naik setelah perubahan lokal atau command diterapkan.
// Jangan naik hanya karena heartbeat. Publish snapshot lengkap setelah command dan berkala.

3. AVAILABILITY — heartbeat online + Last Will offline
{
  "credentialVersion": 2,
  "timestamp": 1737021600000,
  "connectionId": "00000000-0000-4000-8000-000000000001",
  "online": true
}
// SEBELUM CONNECT: connectionId=UUID baru; revision=0; kosongkan cache dedup sesi.
// Pasang LWT dengan envelope sesi yang sama, online=false, QoS=1, retain=true.
// Timestamp LWT dibuat saat pemasangan will, bukan ditebak saat broker menerbitkannya.
// Setelah CONNECT dan SUBSCRIBE berhasil: publish online=true dan state.
// Growth Chamber: online + state + telemetry tiap 10 detik; freshness backend 45 detik.
// Disconnect terencana: publish online=false sebelum disconnect bila memungkinkan.

4. COMMANDS — terima dari backend, jangan publish command dari firmware
{
  "commandId": "00000000-0000-4000-8000-000000000002",
  "parameterId": "parameter_faa2e3d2ce693a47fccb9b552816b805",
  "value": 0,
  "credentialVersion": 2,
  "timestamp": 1737021600000,
  "connectionId": "00000000-0000-4000-8000-000000000001",
  "expiresAt": 1737021610000,
  "revision": 0
}
// Target contoh adalah kontrol pertama; handler wajib mendukung SEMUA ID kontrol di atas.
// Pseudocode handler (di luar callback MQTT; publish QoS 1 dapat memanggil poll):
//   parse + validasi bentuk; abaikan malformed/retained command.
//   jika commandId sudah diproses dalam sesi: jangan eksekusi ulang (adapter: cache 32 ID).
//   cek credentialVersion, connectionId, revision == sesi/state lokal saat ini.
//   cek expiresAt > nowMs(), timestamp <= nowMs()+5000; TTL backend 10 detik.
//   cek parameterId adalah kontrol dikenal, tipe value tepat, angka finite dan bounds.
//   cache commandId; jika tidak valid: rejected + reason, tanpa mengubah kontrol.
//   jika valid: terapkan ke variabel kontrol lokal; revision++; lalu succeeded.
//   publish command-results lalu state aktual lengkap, termasuk setelah rejection.
// Growth Chamber mengubah setpointTemp/setpointRH/systemRunning; output tetap diterapkan
// oleh control loop asli. succeeded bukan bukti suhu/RH fisik sudah mencapai target.

5. COMMAND-RESULTS — hanya sesudah validasi / penerapan, bukan saat paket diterima
{
  "credentialVersion": 2,
  "timestamp": 1737021600000,
  "connectionId": "00000000-0000-4000-8000-000000000001",
  "commandId": "00000000-0000-4000-8000-000000000002",
  "status": "succeeded"
}
// Jika ditolak: status="rejected", tambahkan reason (maksimum 200 karakter).
// Envelope memakai sesi/kredensial lokal; commandId harus sama dengan command.
// timestamp hasil = nowMs(), tidak boleh mendahului timestamp command.
// Tidak ada revision, parameterId atau value di result; feedback aktual ada di state.
// Backend mencocokkan sesi/kredensial dan command pending; hasil lama dapat diabaikan.
// Tidak ada ACK bukan sukses/gagal pasti: backend dapat menandai unknown; jangan
// mengeksekusi ulang otomatis dengan ID baru. Jangan mengiklankan capabilities.
"
`;
